Units and locations in library 'MC_Library.lib'
Unit name             size     from       to
mc9s08jm60_c.obj     75155       73    75228
start08_c.obj        24109    75228    99337

EXPORTED OBJECTS
CheckStackSize        F   (start08_c.obj)
ClearStack            F   (start08_c.obj)
_ACMPSC               O   (mc9s08jm60_c.obj)
_ADCCFG               O   (mc9s08jm60_c.obj)
_ADCCV                O   (mc9s08jm60_c.obj)
_ADCR                 O   (mc9s08jm60_c.obj)
_ADCSC1               O   (mc9s08jm60_c.obj)
_ADCSC2               O   (mc9s08jm60_c.obj)
_ADDR                 O   (mc9s08jm60_c.obj)
_APCTL1               O   (mc9s08jm60_c.obj)
_APCTL2               O   (mc9s08jm60_c.obj)
_COPY                 I   (start08_c.obj)
_CTL                  O   (mc9s08jm60_c.obj)
_DBGC                 O   (mc9s08jm60_c.obj)
_DBGCA                O   (mc9s08jm60_c.obj)
_DBGCB                O   (mc9s08jm60_c.obj)
_DBGF                 O   (mc9s08jm60_c.obj)
_DBGS                 O   (mc9s08jm60_c.obj)
_DBGT                 O   (mc9s08jm60_c.obj)
_EPCTL0               O   (mc9s08jm60_c.obj)
_EPCTL1               O   (mc9s08jm60_c.obj)
_EPCTL2               O   (mc9s08jm60_c.obj)
_EPCTL3               O   (mc9s08jm60_c.obj)
_EPCTL4               O   (mc9s08jm60_c.obj)
_EPCTL5               O   (mc9s08jm60_c.obj)
_EPCTL6               O   (mc9s08jm60_c.obj)
_ERRENB               O   (mc9s08jm60_c.obj)
_ERRSTAT              O   (mc9s08jm60_c.obj)
_FCDIV                O   (mc9s08jm60_c.obj)
_FCMD                 O   (mc9s08jm60_c.obj)
_FCNFG                O   (mc9s08jm60_c.obj)
_FOPT                 O   (mc9s08jm60_c.obj)
_FPROT                O   (mc9s08jm60_c.obj)
_FRMNUMH              O   (mc9s08jm60_c.obj)
_FRMNUML              O   (mc9s08jm60_c.obj)
_FSTAT                O   (mc9s08jm60_c.obj)
_IDCOMP               O   (mc9s08jm60_c.obj)
_IICA                 O   (mc9s08jm60_c.obj)
_IICC1                O   (mc9s08jm60_c.obj)
_IICC2                O   (mc9s08jm60_c.obj)
_IICD                 O   (mc9s08jm60_c.obj)
_IICF                 O   (mc9s08jm60_c.obj)
_IICS                 O   (mc9s08jm60_c.obj)
_INTENB               O   (mc9s08jm60_c.obj)
_INTSTAT              O   (mc9s08jm60_c.obj)
_IRQSC                O   (mc9s08jm60_c.obj)
_KBIES                O   (mc9s08jm60_c.obj)
_KBIPE                O   (mc9s08jm60_c.obj)
_KBISC                O   (mc9s08jm60_c.obj)
_MCGC1                O   (mc9s08jm60_c.obj)
_MCGC1                I   (start08_c.obj)
_MCGC2                O   (mc9s08jm60_c.obj)
_MCGC2                I   (start08_c.obj)
_MCGC3                O   (mc9s08jm60_c.obj)
_MCGC3                I   (start08_c.obj)
_MCGSC                O   (mc9s08jm60_c.obj)
_MCGSC                I   (start08_c.obj)
_MCGTRM               O   (mc9s08jm60_c.obj)
_MCGTRM               I   (start08_c.obj)
_PERID                O   (mc9s08jm60_c.obj)
_PTAD                 O   (mc9s08jm60_c.obj)
_PTADD                O   (mc9s08jm60_c.obj)
_PTADS                O   (mc9s08jm60_c.obj)
_PTAPE                O   (mc9s08jm60_c.obj)
_PTASE                O   (mc9s08jm60_c.obj)
_PTBD                 O   (mc9s08jm60_c.obj)
_PTBDD                O   (mc9s08jm60_c.obj)
_PTBDS                O   (mc9s08jm60_c.obj)
_PTBPE                O   (mc9s08jm60_c.obj)
_PTBSE                O   (mc9s08jm60_c.obj)
_PTCD                 O   (mc9s08jm60_c.obj)
_PTCDD                O   (mc9s08jm60_c.obj)
_PTCDS                O   (mc9s08jm60_c.obj)
_PTCPE                O   (mc9s08jm60_c.obj)
_PTCSE                O   (mc9s08jm60_c.obj)
_PTDD                 O   (mc9s08jm60_c.obj)
_PTDDD                O   (mc9s08jm60_c.obj)
_PTDDS                O   (mc9s08jm60_c.obj)
_PTDPE                O   (mc9s08jm60_c.obj)
_PTDSE                O   (mc9s08jm60_c.obj)
_PTED                 O   (mc9s08jm60_c.obj)
_PTEDD                O   (mc9s08jm60_c.obj)
_PTEDS                O   (mc9s08jm60_c.obj)
_PTEPE                O   (mc9s08jm60_c.obj)
_PTESE                O   (mc9s08jm60_c.obj)
_PTFD                 O   (mc9s08jm60_c.obj)
_PTFDD                O   (mc9s08jm60_c.obj)
_PTFDS                O   (mc9s08jm60_c.obj)
_PTFPE                O   (mc9s08jm60_c.obj)
_PTFSE                O   (mc9s08jm60_c.obj)
_PTGD                 O   (mc9s08jm60_c.obj)
_PTGDD                O   (mc9s08jm60_c.obj)
_PTGDS                O   (mc9s08jm60_c.obj)
_PTGPE                O   (mc9s08jm60_c.obj)
_PTGSE                O   (mc9s08jm60_c.obj)
_REV                  O   (mc9s08jm60_c.obj)
_RTCCNT               O   (mc9s08jm60_c.obj)
_RTCMOD               O   (mc9s08jm60_c.obj)
_RTCSC                O   (mc9s08jm60_c.obj)
_SBDFR                O   (mc9s08jm60_c.obj)
_SCI1BD               O   (mc9s08jm60_c.obj)
_SCI1C1               O   (mc9s08jm60_c.obj)
_SCI1C2               O   (mc9s08jm60_c.obj)
_SCI1C3               O   (mc9s08jm60_c.obj)
_SCI1D                O   (mc9s08jm60_c.obj)
_SCI1S1               O   (mc9s08jm60_c.obj)
_SCI1S2               O   (mc9s08jm60_c.obj)
_SCI2BD               O   (mc9s08jm60_c.obj)
_SCI2C1               O   (mc9s08jm60_c.obj)
_SCI2C2               O   (mc9s08jm60_c.obj)
_SCI2C3               O   (mc9s08jm60_c.obj)
_SCI2D                O   (mc9s08jm60_c.obj)
_SCI2S1               O   (mc9s08jm60_c.obj)
_SCI2S2               O   (mc9s08jm60_c.obj)
_SDID                 O   (mc9s08jm60_c.obj)
_SOPT1                O   (mc9s08jm60_c.obj)
_SOPT1                I   (start08_c.obj)
_SOPT2                O   (mc9s08jm60_c.obj)
_SPI1BR               O   (mc9s08jm60_c.obj)
_SPI1C1               O   (mc9s08jm60_c.obj)
_SPI1C2               O   (mc9s08jm60_c.obj)
_SPI1D16              O   (mc9s08jm60_c.obj)
_SPI1M                O   (mc9s08jm60_c.obj)
_SPI1S                O   (mc9s08jm60_c.obj)
_SPI2BR               O   (mc9s08jm60_c.obj)
_SPI2C1               O   (mc9s08jm60_c.obj)
_SPI2C2               O   (mc9s08jm60_c.obj)
_SPI2D16              O   (mc9s08jm60_c.obj)
_SPI2M                O   (mc9s08jm60_c.obj)
_SPI2S                O   (mc9s08jm60_c.obj)
_SPMSC1               O   (mc9s08jm60_c.obj)
_SPMSC1               I   (start08_c.obj)
_SPMSC2               O   (mc9s08jm60_c.obj)
_SPMSC2               I   (start08_c.obj)
_SRS                  O   (mc9s08jm60_c.obj)
_STAT                 O   (mc9s08jm60_c.obj)
_Startup              F   (start08_c.obj)
_TPM1C0SC             O   (mc9s08jm60_c.obj)
_TPM1C0V              O   (mc9s08jm60_c.obj)
_TPM1C1SC             O   (mc9s08jm60_c.obj)
_TPM1C1V              O   (mc9s08jm60_c.obj)
_TPM1C2SC             O   (mc9s08jm60_c.obj)
_TPM1C2V              O   (mc9s08jm60_c.obj)
_TPM1C3SC             O   (mc9s08jm60_c.obj)
_TPM1C3V              O   (mc9s08jm60_c.obj)
_TPM1C4SC             O   (mc9s08jm60_c.obj)
_TPM1C4V              O   (mc9s08jm60_c.obj)
_TPM1C5SC             O   (mc9s08jm60_c.obj)
_TPM1C5V              O   (mc9s08jm60_c.obj)
_TPM1CNT              O   (mc9s08jm60_c.obj)
_TPM1MOD              O   (mc9s08jm60_c.obj)
_TPM1SC               O   (mc9s08jm60_c.obj)
_TPM2C0SC             O   (mc9s08jm60_c.obj)
_TPM2C0V              O   (mc9s08jm60_c.obj)
_TPM2C1SC             O   (mc9s08jm60_c.obj)
_TPM2C1V              O   (mc9s08jm60_c.obj)
_TPM2CNT              O   (mc9s08jm60_c.obj)
_TPM2MOD              O   (mc9s08jm60_c.obj)
_TPM2SC               O   (mc9s08jm60_c.obj)
_USBCTL0              O   (mc9s08jm60_c.obj)
__SEG_END_SSTACK      I   (start08_c.obj)
__SEG_SIZE_SSTACK     I   (start08_c.obj)
__SEG_START_SSTACK    I   (start08_c.obj)
_startupData          O   (start08_c.obj)
errISR_ACMP           F   (start08_c.obj)
errISR_ADC            F   (start08_c.obj)
errISR_IIC            F   (start08_c.obj)
errISR_IRQ            F   (start08_c.obj)
errISR_KBI            F   (start08_c.obj)
errISR_LowVoltage     F   (start08_c.obj)
errISR_MCGLOL         F   (start08_c.obj)
errISR_RTC            F   (start08_c.obj)
errISR_SCI1E          F   (start08_c.obj)
errISR_SCI1R          F   (start08_c.obj)
errISR_SCI1T          F   (start08_c.obj)
errISR_SCI2E          F   (start08_c.obj)
errISR_SCI2R          F   (start08_c.obj)
errISR_SCI2T          F   (start08_c.obj)
errISR_SPI1           F   (start08_c.obj)
errISR_SPI2           F   (start08_c.obj)
errISR_SWI            F   (start08_c.obj)
errISR_TPM1CH0        F   (start08_c.obj)
errISR_TPM1CH1        F   (start08_c.obj)
errISR_TPM1CH2        F   (start08_c.obj)
errISR_TPM1CH3        F   (start08_c.obj)
errISR_TPM1CH4        F   (start08_c.obj)
errISR_TPM1CH5        F   (start08_c.obj)
errISR_TPM1O          F   (start08_c.obj)
errISR_TPM2CH0        F   (start08_c.obj)
errISR_TPM2CH1        F   (start08_c.obj)
errISR_TPM2O          F   (start08_c.obj)
errISR_USB            F   (start08_c.obj)
initClock             F   (start08_c.obj)
main                  I   (start08_c.obj)
